{"grid":["                                                  ","                                                  ","                                                  ","                                                  ","                                                  ","                                                  ","                                                  ","                                                  ","                                                  ","                                                  ","                                                  ","                                                  ","                                                  ","                                                  ","                                                  ","                        !!      $$                ","                       !!!      $$$               ","                       !!!      $$                ","                                                  ","                                                  ","                                                  ","                                                  ","                                                  ","                                &&                ","                                &&&               ","                                &&&               ","                                                  ","                                                  ","                                                  ","                                                  ","                                                  ","                                                  ","                       ###      %%%               ","                       ###      %%%               ","                        ##      %%                ","                                                  ","                                                  ","                                                  ","                                                  ","                                                  ","                                                  ","                                                  ","                                                  ","                                                  ","                                                  ","                                                  ","                                                  ","                                                  ","                                                  ","                                                  "],"keys":["","1","a\"a2","3","4","5"],"data":{"1":{"text":"normal ascii"},"a\"a2":{"text":"a\"a"},"3":{"text":"a\\a"},"4":{"text":"a\na"},"5":{"text":"a\tb"}}}