Status: 400 Bad Request
Content-Type: text/xml; charset=UTF-8

<?xml version="1.0" encoding="UTF-8"?>
<ows:ExceptionReport xmlns:ows="http://www.opengis.net/ows/2.0" xmlns:xsi="http://www.w3.org/2001/XMLSchema-instance" version="2.0.0" xml:lang="en-US" xsi:schemaLocation="http://www.opengis.net/ows/2.0 http://schemas.opengis.net/ows/2.0/owsExceptionReport.xsd">
  <ows:Exception exceptionCode="InvalidParameterValue" locator="request">
    <ows:ExceptionText>msWCSDispatch(): WCS server error. WCS request not enabled. Check wcs/ows_enable_request settings.</ows:ExceptionText>
  </ows:Exception>
</ows:ExceptionReport>
