Content-Type: text/xml; charset=UTF-8

<?xml version="1.0" encoding="UTF-8"?>
<ows:ExceptionReport xmlns:xsi="http://www.w3.org/2001/XMLSchema-instance" xmlns:ows="http://www.opengis.net/ows/1.1" version="1.0.0" xml:lang="en-US" xsi:schemaLocation="http://www.opengis.net/ows/1.1 http://schemas.opengis.net/ows/1.1.0/owsExceptionReport.xsd">
  <ows:Exception exceptionCode="VersionNegotiationFailed" locator="acceptversions">
    <ows:ExceptionText>msSOSGetCapabilities(): SOS server error. ACCEPTVERSIONS list (2002-10-30) does not match supported versions (1.0.0)
msOWSParseVersionString(): OWS error. Invalid version (2002-10-30). Version must be in the format 'x.y' or 'x.y.z'</ows:ExceptionText>
  </ows:Exception>
</ows:ExceptionReport>
