<?xml version="1.0" encoding="UTF-8"?>
<ows:ExceptionReport xmlns:ows="http://www.opengis.net/ows/2.0" xmlns:xsi="http://www.w3.org/2001/XMLSchema-instance" version="2.0.0" xml:lang="en-US" xsi:schemaLocation="http://www.opengis.net/ows/2.0 http://schemas.opengis.net/ows/2.0/owsExceptionReport.xsd">
  <ows:Exception exceptionCode="InvalidParameterValue" locator="version">
    <ows:ExceptionText>msWCSDispatch(): WCS server error. WCS Server does not support VERSION 2.a.a.</ows:ExceptionText>
  </ows:Exception>
</ows:ExceptionReport>
