<?xml version='1.0' encoding="UTF-8" ?>
<ServiceExceptionReport version="1.2.0"
xmlns="http://www.opengis.net/ogc" xmlns:xsi="http://www.w3.org/2001/XMLSchema-instance" xsi:schemaLocation="http://www.opengis.net/ogc http://schemas.opengis.net/wcs/1.0.0/OGC-exception.xsd">
  <ServiceException code="InvalidParameterValue" locator="version">msWCSDispatch(): WCS server error. WCS Server does not support VERSION 1.a.
  </ServiceException>
</ServiceExceptionReport>
