<?xml version="1.0" encoding="UTF-8"?>
<ows:ExceptionReport xmlns:ows="http://www.opengis.net/ows/2.0" xmlns:xsi="http://www.w3.org/2001/XMLSchema-instance" version="2.0.1" xml:lang="en-US" xsi:schemaLocation="http://www.opengis.net/ows/2.0 http://schemas.opengis.net/ows/2.0/owsExceptionReport.xsd">
  <ows:Exception exceptionCode="MissingParameterValue" locator="format">
    <ows:ExceptionText>msWCSGetCoverage20(): WCS server error. Output format could not be automatically determined. Use the FORMAT parameter to specify a format.</ows:ExceptionText>
  </ows:Exception>
</ows:ExceptionReport>
