Content-Type: text/xml; charset=UTF-8

<?xml version='1.0' encoding="UTF-8" ?>
<wfs:FeatureCollection
   xmlns:ms="http://mapserver.gis.umn.edu/mapserver"
   xmlns:wfs="http://www.opengis.net/wfs"
   xmlns:gml="http://www.opengis.net/gml"
   xmlns:ogc="http://www.opengis.net/ogc"
   xmlns:xsi="http://www.w3.org/2001/XMLSchema-instance"
   xsi:schemaLocation="http://www.opengis.net/wfs http://schemas.opengis.net/wfs/1.0.0/WFS-basic.xsd 
                       http://mapserver.gis.umn.edu/mapserver http://localhost/path/to/wfs_simple?SERVICE=WFS&amp;VERSION=1.0.0&amp;REQUEST=DescribeFeatureType&amp;TYPENAME=towns&amp;OUTPUTFORMAT=XMLSCHEMA">
      <gml:boundedBy>
      	<gml:Box srsName="EPSG:32632">
      		<gml:coordinates>680854.530000,4866937.690000 710195.300000,4905916.470000</gml:coordinates>
      	</gml:Box>
      </gml:boundedBy>
<!-- WARNING: FeatureId item 'ID' not found in typename 'towns'. -->
    <gml:featureMember>
      <ms:towns>
        <gml:boundedBy>
        	<gml:Box srsName="EPSG:32632">
        		<gml:coordinates>680854.530000,4905388.460000 680854.530000,4905388.460000</gml:coordinates>
        	</gml:Box>
        </gml:boundedBy>
        <ms:msGeometry>
        <gml:Point srsName="EPSG:32632">
          <gml:coordinates>680854.530000,4905388.460000</gml:coordinates>
        </gml:Point>
        </ms:msGeometry>
        <ms:name>Monzuno</ms:name>
        <ms:peoples>5254</ms:peoples>
        <ms:localcounc>1</ms:localcounc>
        <ms:county>0</ms:county>
        <ms:region>0</ms:region>
      </ms:towns>
    </gml:featureMember>
    <gml:featureMember>
      <ms:towns>
        <gml:boundedBy>
        	<gml:Box srsName="EPSG:32632">
        		<gml:coordinates>690357.250000,4888070.830000 690357.250000,4888070.830000</gml:coordinates>
        	</gml:Box>
        </gml:boundedBy>
        <ms:msGeometry>
        <gml:Point srsName="EPSG:32632">
          <gml:coordinates>690357.250000,4888070.830000</gml:coordinates>
        </gml:Point>
        </ms:msGeometry>
        <ms:name>Firenzuola</ms:name>
        <ms:peoples>4812</ms:peoples>
        <ms:localcounc>1</ms:localcounc>
        <ms:county>0</ms:county>
        <ms:region>0</ms:region>
      </ms:towns>
    </gml:featureMember>
    <gml:featureMember>
      <ms:towns>
        <gml:boundedBy>
        	<gml:Box srsName="EPSG:32632">
        		<gml:coordinates>710195.300000,4866937.690000 710195.300000,4866937.690000</gml:coordinates>
        	</gml:Box>
        </gml:boundedBy>
        <ms:msGeometry>
        <gml:Point srsName="EPSG:32632">
          <gml:coordinates>710195.300000,4866937.690000</gml:coordinates>
        </gml:Point>
        </ms:msGeometry>
        <ms:name>San Godenzo</ms:name>
        <ms:peoples>1187</ms:peoples>
        <ms:localcounc>1</ms:localcounc>
        <ms:county>0</ms:county>
        <ms:region>0</ms:region>
      </ms:towns>
    </gml:featureMember>
    <gml:featureMember>
      <ms:towns>
        <gml:boundedBy>
        	<gml:Box srsName="EPSG:32632">
        		<gml:coordinates>686481.160000,4870207.090000 686481.160000,4870207.090000</gml:coordinates>
        	</gml:Box>
        </gml:boundedBy>
        <ms:msGeometry>
        <gml:Point srsName="EPSG:32632">
          <gml:coordinates>686481.160000,4870207.090000</gml:coordinates>
        </gml:Point>
        </ms:msGeometry>
        <ms:name>San Piero a Sieve</ms:name>
        <ms:peoples>3758</ms:peoples>
        <ms:localcounc>1</ms:localcounc>
        <ms:county>0</ms:county>
        <ms:region>0</ms:region>
      </ms:towns>
    </gml:featureMember>
    <gml:featureMember>
      <ms:towns>
        <gml:boundedBy>
        	<gml:Box srsName="EPSG:32632">
        		<gml:coordinates>697335.810000,4867309.060000 697335.810000,4867309.060000</gml:coordinates>
        	</gml:Box>
        </gml:boundedBy>
        <ms:msGeometry>
        <gml:Point srsName="EPSG:32632">
          <gml:coordinates>697335.810000,4867309.060000</gml:coordinates>
        </gml:Point>
        </ms:msGeometry>
        <ms:name>Vicchio</ms:name>
        <ms:peoples>7145</ms:peoples>
        <ms:localcounc>1</ms:localcounc>
        <ms:county>0</ms:county>
        <ms:region>0</ms:region>
      </ms:towns>
    </gml:featureMember>
    <gml:featureMember>
      <ms:towns>
        <gml:boundedBy>
        	<gml:Box srsName="EPSG:32632">
        		<gml:coordinates>700027.210000,4898730.810000 700027.210000,4898730.810000</gml:coordinates>
        	</gml:Box>
        </gml:boundedBy>
        <ms:msGeometry>
        <gml:Point srsName="EPSG:32632">
          <gml:coordinates>700027.210000,4898730.810000</gml:coordinates>
        </gml:Point>
        </ms:msGeometry>
        <ms:name>Castel del Rio</ms:name>
        <ms:peoples>1252</ms:peoples>
        <ms:localcounc>1</ms:localcounc>
        <ms:county>0</ms:county>
        <ms:region>0</ms:region>
      </ms:towns>
    </gml:featureMember>
    <gml:featureMember>
      <ms:towns>
        <gml:boundedBy>
        	<gml:Box srsName="EPSG:32632">
        		<gml:coordinates>685837.450000,4904282.990000 685837.450000,4904282.990000</gml:coordinates>
        	</gml:Box>
        </gml:boundedBy>
        <ms:msGeometry>
        <gml:Point srsName="EPSG:32632">
          <gml:coordinates>685837.450000,4904282.990000</gml:coordinates>
        </gml:Point>
        </ms:msGeometry>
        <ms:name>Loiano</ms:name>
        <ms:peoples>4158</ms:peoples>
        <ms:localcounc>1</ms:localcounc>
        <ms:county>0</ms:county>
        <ms:region>0</ms:region>
      </ms:towns>
    </gml:featureMember>
    <gml:featureMember>
      <ms:towns>
        <gml:boundedBy>
        	<gml:Box srsName="EPSG:32632">
        		<gml:coordinates>685896.740000,4899660.120000 685896.740000,4899660.120000</gml:coordinates>
        	</gml:Box>
        </gml:boundedBy>
        <ms:msGeometry>
        <gml:Point srsName="EPSG:32632">
          <gml:coordinates>685896.740000,4899660.120000</gml:coordinates>
        </gml:Point>
        </ms:msGeometry>
        <ms:name>Monghidoro</ms:name>
        <ms:peoples>3618</ms:peoples>
        <ms:localcounc>1</ms:localcounc>
        <ms:county>0</ms:county>
        <ms:region>0</ms:region>
      </ms:towns>
    </gml:featureMember>
    <gml:featureMember>
      <ms:towns>
        <gml:boundedBy>
        	<gml:Box srsName="EPSG:32632">
        		<gml:coordinates>691242.090000,4869675.970000 691242.090000,4869675.970000</gml:coordinates>
        	</gml:Box>
        </gml:boundedBy>
        <ms:msGeometry>
        <gml:Point srsName="EPSG:32632">
          <gml:coordinates>691242.090000,4869675.970000</gml:coordinates>
        </gml:Point>
        </ms:msGeometry>
        <ms:name>Borgo San Lorenzo</ms:name>
        <ms:peoples>15825</ms:peoples>
        <ms:localcounc>1</ms:localcounc>
        <ms:county>0</ms:county>
        <ms:region>0</ms:region>
      </ms:towns>
    </gml:featureMember>
    <gml:featureMember>
      <ms:towns>
        <gml:boundedBy>
        	<gml:Box srsName="EPSG:32632">
        		<gml:coordinates>688742.950000,4873672.850000 688742.950000,4873672.850000</gml:coordinates>
        	</gml:Box>
        </gml:boundedBy>
        <ms:msGeometry>
        <gml:Point srsName="EPSG:32632">
          <gml:coordinates>688742.950000,4873672.850000</gml:coordinates>
        </gml:Point>
        </ms:msGeometry>
        <ms:name>Scarperia</ms:name>
        <ms:peoples>6778</ms:peoples>
        <ms:localcounc>1</ms:localcounc>
        <ms:county>0</ms:county>
        <ms:region>0</ms:region>
      </ms:towns>
    </gml:featureMember>
    <gml:featureMember>
      <ms:towns>
        <gml:boundedBy>
        	<gml:Box srsName="EPSG:32632">
        		<gml:coordinates>709203.270000,4883473.950000 709203.270000,4883473.950000</gml:coordinates>
        	</gml:Box>
        </gml:boundedBy>
        <ms:msGeometry>
        <gml:Point srsName="EPSG:32632">
          <gml:coordinates>709203.270000,4883473.950000</gml:coordinates>
        </gml:Point>
        </ms:msGeometry>
        <ms:name>Marradi</ms:name>
        <ms:peoples>3617</ms:peoples>
        <ms:localcounc>1</ms:localcounc>
        <ms:county>0</ms:county>
        <ms:region>0</ms:region>
      </ms:towns>
    </gml:featureMember>
    <gml:featureMember>
      <ms:towns>
        <gml:boundedBy>
        	<gml:Box srsName="EPSG:32632">
        		<gml:coordinates>703892.440000,4887624.730000 703892.440000,4887624.730000</gml:coordinates>
        	</gml:Box>
        </gml:boundedBy>
        <ms:msGeometry>
        <gml:Point srsName="EPSG:32632">
          <gml:coordinates>703892.440000,4887624.730000</gml:coordinates>
        </gml:Point>
        </ms:msGeometry>
        <ms:name>Palazzuolo sul Senio</ms:name>
        <ms:peoples>1301</ms:peoples>
        <ms:localcounc>1</ms:localcounc>
        <ms:county>0</ms:county>
        <ms:region>0</ms:region>
      </ms:towns>
    </gml:featureMember>
    <gml:featureMember>
      <ms:towns>
        <gml:boundedBy>
        	<gml:Box srsName="EPSG:32632">
        		<gml:coordinates>706612.320000,4905916.470000 706612.320000,4905916.470000</gml:coordinates>
        	</gml:Box>
        </gml:boundedBy>
        <ms:msGeometry>
        <gml:Point srsName="EPSG:32632">
          <gml:coordinates>706612.320000,4905916.470000</gml:coordinates>
        </gml:Point>
        </ms:msGeometry>
        <ms:name>Borgo Tossignano</ms:name>
        <ms:peoples>3023</ms:peoples>
        <ms:localcounc>1</ms:localcounc>
        <ms:county>0</ms:county>
        <ms:region>0</ms:region>
      </ms:towns>
    </gml:featureMember>
    <gml:featureMember>
      <ms:towns>
        <gml:boundedBy>
        	<gml:Box srsName="EPSG:32632">
        		<gml:coordinates>709517.650000,4900008.460000 709517.650000,4900008.460000</gml:coordinates>
        	</gml:Box>
        </gml:boundedBy>
        <ms:msGeometry>
        <gml:Point srsName="EPSG:32632">
          <gml:coordinates>709517.650000,4900008.460000</gml:coordinates>
        </gml:Point>
        </ms:msGeometry>
        <ms:name>Casola Valsenio</ms:name>
        <ms:peoples>2844</ms:peoples>
        <ms:localcounc>1</ms:localcounc>
        <ms:county>0</ms:county>
        <ms:region>0</ms:region>
      </ms:towns>
    </gml:featureMember>
    <gml:featureMember>
      <ms:towns>
        <gml:boundedBy>
        	<gml:Box srsName="EPSG:32632">
        		<gml:coordinates>704327.740000,4903948.540000 704327.740000,4903948.540000</gml:coordinates>
        	</gml:Box>
        </gml:boundedBy>
        <ms:msGeometry>
        <gml:Point srsName="EPSG:32632">
          <gml:coordinates>704327.740000,4903948.540000</gml:coordinates>
        </gml:Point>
        </ms:msGeometry>
        <ms:name>Fontanelice</ms:name>
        <ms:peoples>1797</ms:peoples>
        <ms:localcounc>1</ms:localcounc>
        <ms:county>0</ms:county>
        <ms:region>0</ms:region>
      </ms:towns>
    </gml:featureMember>
</wfs:FeatureCollection>

