Content-Type: text/xml; subtype=gml/2.1.2; charset=UTF-8

<?xml version='1.0' encoding="UTF-8" ?>
<wfs:FeatureCollection
   xmlns:ms="http://mapserver.gis.umn.edu/mapserver"
   xmlns:gml="http://www.opengis.net/gml"
   xmlns:wfs="http://www.opengis.net/wfs/2.0"
   xmlns:xsi="http://www.w3.org/2001/XMLSchema-instance"
   xsi:schemaLocation="http://mapserver.gis.umn.edu/mapserver http://localhost/path/to/wfs_simple?SERVICE=WFS&amp;VERSION=2.0.0&amp;REQUEST=DescribeFeatureType&amp;TYPENAME=towns&amp;OUTPUTFORMAT=XMLSCHEMA http://www.opengis.net/wfs/2.0 http://schemas.opengis.net/wfs/2.0/wfs.xsd http://www.opengis.net/gml http://schemas.opengis.net/gml/2.1.2/feature.xsd"
   timeStamp="" numberMatched="41" numberReturned="41">
      <wfs:boundedBy>
      	<gml:Box srsName="urn:ogc:def:crs:EPSG::32632">
      		<gml:coordinates>637137.64000,4865176.12000 710195.30000,4905916.47000</gml:coordinates>
      	</gml:Box>
      </wfs:boundedBy>
<!-- WARNING: FeatureId item 'ID' not found in typename 'towns'. -->
    <wfs:member>
      <ms:towns>
        <gml:boundedBy>
        	<gml:Box srsName="urn:ogc:def:crs:EPSG::32632">
        		<gml:coordinates>679352.61000,4874600.65000 679352.61000,4874600.65000</gml:coordinates>
        	</gml:Box>
        </gml:boundedBy>
        <ms:msGeometry>
        <gml:Point srsName="urn:ogc:def:crs:EPSG::32632">
          <gml:coordinates>679352.61000,4874600.65000</gml:coordinates>
        </gml:Point>
        </ms:msGeometry>
        <ms:name>Barberino di Mugello</ms:name>
        <ms:peoples>9531</ms:peoples>
        <ms:localcounc>1</ms:localcounc>
        <ms:county>0</ms:county>
        <ms:region>0</ms:region>
      </ms:towns>
    </wfs:member>
    <wfs:member>
      <ms:towns>
        <gml:boundedBy>
        	<gml:Box srsName="urn:ogc:def:crs:EPSG::32632">
        		<gml:coordinates>691242.09000,4869675.97000 691242.09000,4869675.97000</gml:coordinates>
        	</gml:Box>
        </gml:boundedBy>
        <ms:msGeometry>
        <gml:Point srsName="urn:ogc:def:crs:EPSG::32632">
          <gml:coordinates>691242.09000,4869675.97000</gml:coordinates>
        </gml:Point>
        </ms:msGeometry>
        <ms:name>Borgo San Lorenzo</ms:name>
        <ms:peoples>15825</ms:peoples>
        <ms:localcounc>1</ms:localcounc>
        <ms:county>0</ms:county>
        <ms:region>0</ms:region>
      </ms:towns>
    </wfs:member>
    <wfs:member>
      <ms:towns>
        <gml:boundedBy>
        	<gml:Box srsName="urn:ogc:def:crs:EPSG::32632">
        		<gml:coordinates>706612.32000,4905916.47000 706612.32000,4905916.47000</gml:coordinates>
        	</gml:Box>
        </gml:boundedBy>
        <ms:msGeometry>
        <gml:Point srsName="urn:ogc:def:crs:EPSG::32632">
          <gml:coordinates>706612.32000,4905916.47000</gml:coordinates>
        </gml:Point>
        </ms:msGeometry>
        <ms:name>Borgo Tossignano</ms:name>
        <ms:peoples>3023</ms:peoples>
        <ms:localcounc>1</ms:localcounc>
        <ms:county>0</ms:county>
        <ms:region>0</ms:region>
      </ms:towns>
    </wfs:member>
    <wfs:member>
      <ms:towns>
        <gml:boundedBy>
        	<gml:Box srsName="urn:ogc:def:crs:EPSG::32632">
        		<gml:coordinates>666989.57000,4892926.89000 666989.57000,4892926.89000</gml:coordinates>
        	</gml:Box>
        </gml:boundedBy>
        <ms:msGeometry>
        <gml:Point srsName="urn:ogc:def:crs:EPSG::32632">
          <gml:coordinates>666989.57000,4892926.89000</gml:coordinates>
        </gml:Point>
        </ms:msGeometry>
        <ms:name>Camugnano</ms:name>
        <ms:peoples>2132</ms:peoples>
        <ms:localcounc>1</ms:localcounc>
        <ms:county>0</ms:county>
        <ms:region>0</ms:region>
      </ms:towns>
    </wfs:member>
    <wfs:member>
      <ms:towns>
        <gml:boundedBy>
        	<gml:Box srsName="urn:ogc:def:crs:EPSG::32632">
        		<gml:coordinates>666678.76000,4876424.90000 666678.76000,4876424.90000</gml:coordinates>
        	</gml:Box>
        </gml:boundedBy>
        <ms:msGeometry>
        <gml:Point srsName="urn:ogc:def:crs:EPSG::32632">
          <gml:coordinates>666678.76000,4876424.90000</gml:coordinates>
        </gml:Point>
        </ms:msGeometry>
        <ms:name>Cantagallo</ms:name>
        <ms:peoples>2820</ms:peoples>
        <ms:localcounc>1</ms:localcounc>
        <ms:county>0</ms:county>
        <ms:region>0</ms:region>
      </ms:towns>
    </wfs:member>
    <wfs:member>
      <ms:towns>
        <gml:boundedBy>
        	<gml:Box srsName="urn:ogc:def:crs:EPSG::32632">
        		<gml:coordinates>709517.65000,4900008.46000 709517.65000,4900008.46000</gml:coordinates>
        	</gml:Box>
        </gml:boundedBy>
        <ms:msGeometry>
        <gml:Point srsName="urn:ogc:def:crs:EPSG::32632">
          <gml:coordinates>709517.65000,4900008.46000</gml:coordinates>
        </gml:Point>
        </ms:msGeometry>
        <ms:name>Casola Valsenio</ms:name>
        <ms:peoples>2844</ms:peoples>
        <ms:localcounc>1</ms:localcounc>
        <ms:county>0</ms:county>
        <ms:region>0</ms:region>
      </ms:towns>
    </wfs:member>
    <wfs:member>
      <ms:towns>
        <gml:boundedBy>
        	<gml:Box srsName="urn:ogc:def:crs:EPSG::32632">
        		<gml:coordinates>659557.04000,4904456.57000 659557.04000,4904456.57000</gml:coordinates>
        	</gml:Box>
        </gml:boundedBy>
        <ms:msGeometry>
        <gml:Point srsName="urn:ogc:def:crs:EPSG::32632">
          <gml:coordinates>659557.04000,4904456.57000</gml:coordinates>
        </gml:Point>
        </ms:msGeometry>
        <ms:name>Castel d&#39;Aiano</ms:name>
        <ms:peoples>1822</ms:peoples>
        <ms:localcounc>1</ms:localcounc>
        <ms:county>0</ms:county>
        <ms:region>0</ms:region>
      </ms:towns>
    </wfs:member>
    <wfs:member>
      <ms:towns>
        <gml:boundedBy>
        	<gml:Box srsName="urn:ogc:def:crs:EPSG::32632">
        		<gml:coordinates>700027.21000,4898730.81000 700027.21000,4898730.81000</gml:coordinates>
        	</gml:Box>
        </gml:boundedBy>
        <ms:msGeometry>
        <gml:Point srsName="urn:ogc:def:crs:EPSG::32632">
          <gml:coordinates>700027.21000,4898730.81000</gml:coordinates>
        </gml:Point>
        </ms:msGeometry>
        <ms:name>Castel del Rio</ms:name>
        <ms:peoples>1252</ms:peoples>
        <ms:localcounc>1</ms:localcounc>
        <ms:county>0</ms:county>
        <ms:region>0</ms:region>
      </ms:towns>
    </wfs:member>
    <wfs:member>
      <ms:towns>
        <gml:boundedBy>
        	<gml:Box srsName="urn:ogc:def:crs:EPSG::32632">
        		<gml:coordinates>662773.00000,4891987.41000 662773.00000,4891987.41000</gml:coordinates>
        	</gml:Box>
        </gml:boundedBy>
        <ms:msGeometry>
        <gml:Point srsName="urn:ogc:def:crs:EPSG::32632">
          <gml:coordinates>662773.00000,4891987.41000</gml:coordinates>
        </gml:Point>
        </ms:msGeometry>
        <ms:name>Castel di Casio</ms:name>
        <ms:peoples>3174</ms:peoples>
        <ms:localcounc>1</ms:localcounc>
        <ms:county>0</ms:county>
        <ms:region>0</ms:region>
      </ms:towns>
    </wfs:member>
    <wfs:member>
      <ms:towns>
        <gml:boundedBy>
        	<gml:Box srsName="urn:ogc:def:crs:EPSG::32632">
        		<gml:coordinates>673068.12000,4889949.75000 673068.12000,4889949.75000</gml:coordinates>
        	</gml:Box>
        </gml:boundedBy>
        <ms:msGeometry>
        <gml:Point srsName="urn:ogc:def:crs:EPSG::32632">
          <gml:coordinates>673068.12000,4889949.75000</gml:coordinates>
        </gml:Point>
        </ms:msGeometry>
        <ms:name>Castiglione dei Pepoli</ms:name>
        <ms:peoples>6008</ms:peoples>
        <ms:localcounc>1</ms:localcounc>
        <ms:county>0</ms:county>
        <ms:region>0</ms:region>
      </ms:towns>
    </wfs:member>
    <wfs:member>
      <ms:towns>
        <gml:boundedBy>
        	<gml:Box srsName="urn:ogc:def:crs:EPSG::32632">
        		<gml:coordinates>640503.54000,4884416.92000 640503.54000,4884416.92000</gml:coordinates>
        	</gml:Box>
        </gml:boundedBy>
        <ms:msGeometry>
        <gml:Point srsName="urn:ogc:def:crs:EPSG::32632">
          <gml:coordinates>640503.54000,4884416.92000</gml:coordinates>
        </gml:Point>
        </ms:msGeometry>
        <ms:name>Cutigliano</ms:name>
        <ms:peoples>1699</ms:peoples>
        <ms:localcounc>1</ms:localcounc>
        <ms:county>0</ms:county>
        <ms:region>0</ms:region>
      </ms:towns>
    </wfs:member>
    <wfs:member>
      <ms:towns>
        <gml:boundedBy>
        	<gml:Box srsName="urn:ogc:def:crs:EPSG::32632">
        		<gml:coordinates>690357.25000,4888070.83000 690357.25000,4888070.83000</gml:coordinates>
        	</gml:Box>
        </gml:boundedBy>
        <ms:msGeometry>
        <gml:Point srsName="urn:ogc:def:crs:EPSG::32632">
          <gml:coordinates>690357.25000,4888070.83000</gml:coordinates>
        </gml:Point>
        </ms:msGeometry>
        <ms:name>Firenzuola</ms:name>
        <ms:peoples>4812</ms:peoples>
        <ms:localcounc>1</ms:localcounc>
        <ms:county>0</ms:county>
        <ms:region>0</ms:region>
      </ms:towns>
    </wfs:member>
    <wfs:member>
      <ms:towns>
        <gml:boundedBy>
        	<gml:Box srsName="urn:ogc:def:crs:EPSG::32632">
        		<gml:coordinates>704327.74000,4903948.54000 704327.74000,4903948.54000</gml:coordinates>
        	</gml:Box>
        </gml:boundedBy>
        <ms:msGeometry>
        <gml:Point srsName="urn:ogc:def:crs:EPSG::32632">
          <gml:coordinates>704327.74000,4903948.54000</gml:coordinates>
        </gml:Point>
        </ms:msGeometry>
        <ms:name>Fontanelice</ms:name>
        <ms:peoples>1797</ms:peoples>
        <ms:localcounc>1</ms:localcounc>
        <ms:county>0</ms:county>
        <ms:region>0</ms:region>
      </ms:towns>
    </wfs:member>
    <wfs:member>
      <ms:towns>
        <gml:boundedBy>
        	<gml:Box srsName="urn:ogc:def:crs:EPSG::32632">
        		<gml:coordinates>654456.48000,4895565.29000 654456.48000,4895565.29000</gml:coordinates>
        	</gml:Box>
        </gml:boundedBy>
        <ms:msGeometry>
        <gml:Point srsName="urn:ogc:def:crs:EPSG::32632">
          <gml:coordinates>654456.48000,4895565.29000</gml:coordinates>
        </gml:Point>
        </ms:msGeometry>
        <ms:name>Gaggio Montano</ms:name>
        <ms:peoples>4771</ms:peoples>
        <ms:localcounc>1</ms:localcounc>
        <ms:county>0</ms:county>
        <ms:region>0</ms:region>
      </ms:towns>
    </wfs:member>
    <wfs:member>
      <ms:towns>
        <gml:boundedBy>
        	<gml:Box srsName="urn:ogc:def:crs:EPSG::32632">
        		<gml:coordinates>656907.12000,4886687.84000 656907.12000,4886687.84000</gml:coordinates>
        	</gml:Box>
        </gml:boundedBy>
        <ms:msGeometry>
        <gml:Point srsName="urn:ogc:def:crs:EPSG::32632">
          <gml:coordinates>656907.12000,4886687.84000</gml:coordinates>
        </gml:Point>
        </ms:msGeometry>
        <ms:name>Granaglione</ms:name>
        <ms:peoples>2116</ms:peoples>
        <ms:localcounc>1</ms:localcounc>
        <ms:county>0</ms:county>
        <ms:region>0</ms:region>
      </ms:towns>
    </wfs:member>
    <wfs:member>
      <ms:towns>
        <gml:boundedBy>
        	<gml:Box srsName="urn:ogc:def:crs:EPSG::32632">
        		<gml:coordinates>672130.72000,4902785.47000 672130.72000,4902785.47000</gml:coordinates>
        	</gml:Box>
        </gml:boundedBy>
        <ms:msGeometry>
        <gml:Point srsName="urn:ogc:def:crs:EPSG::32632">
          <gml:coordinates>672130.72000,4902785.47000</gml:coordinates>
        </gml:Point>
        </ms:msGeometry>
        <ms:name>Grizzana Morandi</ms:name>
        <ms:peoples>3694</ms:peoples>
        <ms:localcounc>1</ms:localcounc>
        <ms:county>0</ms:county>
        <ms:region>0</ms:region>
      </ms:towns>
    </wfs:member>
    <wfs:member>
      <ms:towns>
        <gml:boundedBy>
        	<gml:Box srsName="urn:ogc:def:crs:EPSG::32632">
        		<gml:coordinates>651437.84000,4891594.12000 651437.84000,4891594.12000</gml:coordinates>
        	</gml:Box>
        </gml:boundedBy>
        <ms:msGeometry>
        <gml:Point srsName="urn:ogc:def:crs:EPSG::32632">
          <gml:coordinates>651437.84000,4891594.12000</gml:coordinates>
        </gml:Point>
        </ms:msGeometry>
        <ms:name>Lizzano in Belvedere</ms:name>
        <ms:peoples>2253</ms:peoples>
        <ms:localcounc>1</ms:localcounc>
        <ms:county>0</ms:county>
        <ms:region>0</ms:region>
      </ms:towns>
    </wfs:member>
    <wfs:member>
      <ms:towns>
        <gml:boundedBy>
        	<gml:Box srsName="urn:ogc:def:crs:EPSG::32632">
        		<gml:coordinates>685837.45000,4904282.99000 685837.45000,4904282.99000</gml:coordinates>
        	</gml:Box>
        </gml:boundedBy>
        <ms:msGeometry>
        <gml:Point srsName="urn:ogc:def:crs:EPSG::32632">
          <gml:coordinates>685837.45000,4904282.99000</gml:coordinates>
        </gml:Point>
        </ms:msGeometry>
        <ms:name>Loiano</ms:name>
        <ms:peoples>4158</ms:peoples>
        <ms:localcounc>1</ms:localcounc>
        <ms:county>0</ms:county>
        <ms:region>0</ms:region>
      </ms:towns>
    </wfs:member>
    <wfs:member>
      <ms:towns>
        <gml:boundedBy>
        	<gml:Box srsName="urn:ogc:def:crs:EPSG::32632">
        		<gml:coordinates>642083.40000,4866048.77000 642083.40000,4866048.77000</gml:coordinates>
        	</gml:Box>
        </gml:boundedBy>
        <ms:msGeometry>
        <gml:Point srsName="urn:ogc:def:crs:EPSG::32632">
          <gml:coordinates>642083.40000,4866048.77000</gml:coordinates>
        </gml:Point>
        </ms:msGeometry>
        <ms:name>Marliana</ms:name>
        <ms:peoples>2917</ms:peoples>
        <ms:localcounc>1</ms:localcounc>
        <ms:county>0</ms:county>
        <ms:region>0</ms:region>
      </ms:towns>
    </wfs:member>
    <wfs:member>
      <ms:towns>
        <gml:boundedBy>
        	<gml:Box srsName="urn:ogc:def:crs:EPSG::32632">
        		<gml:coordinates>709203.27000,4883473.95000 709203.27000,4883473.95000</gml:coordinates>
        	</gml:Box>
        </gml:boundedBy>
        <ms:msGeometry>
        <gml:Point srsName="urn:ogc:def:crs:EPSG::32632">
          <gml:coordinates>709203.27000,4883473.95000</gml:coordinates>
        </gml:Point>
        </ms:msGeometry>
        <ms:name>Marradi</ms:name>
        <ms:peoples>3617</ms:peoples>
        <ms:localcounc>1</ms:localcounc>
        <ms:county>0</ms:county>
        <ms:region>0</ms:region>
      </ms:towns>
    </wfs:member>
    <wfs:member>
      <ms:towns>
        <gml:boundedBy>
        	<gml:Box srsName="urn:ogc:def:crs:EPSG::32632">
        		<gml:coordinates>685896.74000,4899660.12000 685896.74000,4899660.12000</gml:coordinates>
        	</gml:Box>
        </gml:boundedBy>
        <ms:msGeometry>
        <gml:Point srsName="urn:ogc:def:crs:EPSG::32632">
          <gml:coordinates>685896.74000,4899660.12000</gml:coordinates>
        </gml:Point>
        </ms:msGeometry>
        <ms:name>Monghidoro</ms:name>
        <ms:peoples>3618</ms:peoples>
        <ms:localcounc>1</ms:localcounc>
        <ms:county>0</ms:county>
        <ms:region>0</ms:region>
      </ms:towns>
    </wfs:member>
    <wfs:member>
      <ms:towns>
        <gml:boundedBy>
        	<gml:Box srsName="urn:ogc:def:crs:EPSG::32632">
        		<gml:coordinates>661896.57000,4866692.43000 661896.57000,4866692.43000</gml:coordinates>
        	</gml:Box>
        </gml:boundedBy>
        <ms:msGeometry>
        <gml:Point srsName="urn:ogc:def:crs:EPSG::32632">
          <gml:coordinates>661896.57000,4866692.43000</gml:coordinates>
        </gml:Point>
        </ms:msGeometry>
        <ms:name>Montale</ms:name>
        <ms:peoples>10143</ms:peoples>
        <ms:localcounc>1</ms:localcounc>
        <ms:county>0</ms:county>
        <ms:region>0</ms:region>
      </ms:towns>
    </wfs:member>
    <wfs:member>
      <ms:towns>
        <gml:boundedBy>
        	<gml:Box srsName="urn:ogc:def:crs:EPSG::32632">
        		<gml:coordinates>637137.64000,4900625.56000 637137.64000,4900625.56000</gml:coordinates>
        	</gml:Box>
        </gml:boundedBy>
        <ms:msGeometry>
        <gml:Point srsName="urn:ogc:def:crs:EPSG::32632">
          <gml:coordinates>637137.64000,4900625.56000</gml:coordinates>
        </gml:Point>
        </ms:msGeometry>
        <ms:name>Montecreto</ms:name>
        <ms:peoples>929</ms:peoples>
        <ms:localcounc>1</ms:localcounc>
        <ms:county>0</ms:county>
        <ms:region>0</ms:region>
      </ms:towns>
    </wfs:member>
    <wfs:member>
      <ms:towns>
        <gml:boundedBy>
        	<gml:Box srsName="urn:ogc:def:crs:EPSG::32632">
        		<gml:coordinates>663058.32000,4865176.12000 663058.32000,4865176.12000</gml:coordinates>
        	</gml:Box>
        </gml:boundedBy>
        <ms:msGeometry>
        <gml:Point srsName="urn:ogc:def:crs:EPSG::32632">
          <gml:coordinates>663058.32000,4865176.12000</gml:coordinates>
        </gml:Point>
        </ms:msGeometry>
        <ms:name>Montemurlo</ms:name>
        <ms:peoples>17502</ms:peoples>
        <ms:localcounc>1</ms:localcounc>
        <ms:county>0</ms:county>
        <ms:region>0</ms:region>
      </ms:towns>
    </wfs:member>
    <wfs:member>
      <ms:towns>
        <gml:boundedBy>
        	<gml:Box srsName="urn:ogc:def:crs:EPSG::32632">
        		<gml:coordinates>655146.14000,4903917.01000 655146.14000,4903917.01000</gml:coordinates>
        	</gml:Box>
        </gml:boundedBy>
        <ms:msGeometry>
        <gml:Point srsName="urn:ogc:def:crs:EPSG::32632">
          <gml:coordinates>655146.14000,4903917.01000</gml:coordinates>
        </gml:Point>
        </ms:msGeometry>
        <ms:name>Montese</ms:name>
        <ms:peoples>3181</ms:peoples>
        <ms:localcounc>1</ms:localcounc>
        <ms:county>0</ms:county>
        <ms:region>0</ms:region>
      </ms:towns>
    </wfs:member>
    <wfs:member>
      <ms:towns>
        <gml:boundedBy>
        	<gml:Box srsName="urn:ogc:def:crs:EPSG::32632">
        		<gml:coordinates>680854.53000,4905388.46000 680854.53000,4905388.46000</gml:coordinates>
        	</gml:Box>
        </gml:boundedBy>
        <ms:msGeometry>
        <gml:Point srsName="urn:ogc:def:crs:EPSG::32632">
          <gml:coordinates>680854.53000,4905388.46000</gml:coordinates>
        </gml:Point>
        </ms:msGeometry>
        <ms:name>Monzuno</ms:name>
        <ms:peoples>5254</ms:peoples>
        <ms:localcounc>1</ms:localcounc>
        <ms:county>0</ms:county>
        <ms:region>0</ms:region>
      </ms:towns>
    </wfs:member>
    <wfs:member>
      <ms:towns>
        <gml:boundedBy>
        	<gml:Box srsName="urn:ogc:def:crs:EPSG::32632">
        		<gml:coordinates>703892.44000,4887624.73000 703892.44000,4887624.73000</gml:coordinates>
        	</gml:Box>
        </gml:boundedBy>
        <ms:msGeometry>
        <gml:Point srsName="urn:ogc:def:crs:EPSG::32632">
          <gml:coordinates>703892.44000,4887624.73000</gml:coordinates>
        </gml:Point>
        </ms:msGeometry>
        <ms:name>Palazzuolo sul Senio</ms:name>
        <ms:peoples>1301</ms:peoples>
        <ms:localcounc>1</ms:localcounc>
        <ms:county>0</ms:county>
        <ms:region>0</ms:region>
      </ms:towns>
    </wfs:member>
    <wfs:member>
      <ms:towns>
        <gml:boundedBy>
        	<gml:Box srsName="urn:ogc:def:crs:EPSG::32632">
        		<gml:coordinates>653901.53000,4866278.05000 653901.53000,4866278.05000</gml:coordinates>
        	</gml:Box>
        </gml:boundedBy>
        <ms:msGeometry>
        <gml:Point srsName="urn:ogc:def:crs:EPSG::32632">
          <gml:coordinates>653901.53000,4866278.05000</gml:coordinates>
        </gml:Point>
        </ms:msGeometry>
        <ms:name>Pistoia</ms:name>
        <ms:peoples>84274</ms:peoples>
        <ms:localcounc>1</ms:localcounc>
        <ms:county>1</ms:county>
        <ms:region>0</ms:region>
      </ms:towns>
    </wfs:member>
    <wfs:member>
      <ms:towns>
        <gml:boundedBy>
        	<gml:Box srsName="urn:ogc:def:crs:EPSG::32632">
        		<gml:coordinates>641450.94000,4876458.53000 641450.94000,4876458.53000</gml:coordinates>
        	</gml:Box>
        </gml:boundedBy>
        <ms:msGeometry>
        <gml:Point srsName="urn:ogc:def:crs:EPSG::32632">
          <gml:coordinates>641450.94000,4876458.53000</gml:coordinates>
        </gml:Point>
        </ms:msGeometry>
        <ms:name>Piteglio</ms:name>
        <ms:peoples>1877</ms:peoples>
        <ms:localcounc>1</ms:localcounc>
        <ms:county>0</ms:county>
        <ms:region>0</ms:region>
      </ms:towns>
    </wfs:member>
    <wfs:member>
      <ms:towns>
        <gml:boundedBy>
        	<gml:Box srsName="urn:ogc:def:crs:EPSG::32632">
        		<gml:coordinates>657705.77000,4891441.56000 657705.77000,4891441.56000</gml:coordinates>
        	</gml:Box>
        </gml:boundedBy>
        <ms:msGeometry>
        <gml:Point srsName="urn:ogc:def:crs:EPSG::32632">
          <gml:coordinates>657705.77000,4891441.56000</gml:coordinates>
        </gml:Point>
        </ms:msGeometry>
        <ms:name>Porretta Terme</ms:name>
        <ms:peoples>4646</ms:peoples>
        <ms:localcounc>1</ms:localcounc>
        <ms:county>0</ms:county>
        <ms:region>0</ms:region>
      </ms:towns>
    </wfs:member>
    <wfs:member>
      <ms:towns>
        <gml:boundedBy>
        	<gml:Box srsName="urn:ogc:def:crs:EPSG::32632">
        		<gml:coordinates>660036.84000,4885407.41000 660036.84000,4885407.41000</gml:coordinates>
        	</gml:Box>
        </gml:boundedBy>
        <ms:msGeometry>
        <gml:Point srsName="urn:ogc:def:crs:EPSG::32632">
          <gml:coordinates>660036.84000,4885407.41000</gml:coordinates>
        </gml:Point>
        </ms:msGeometry>
        <ms:name>Sambuca Pistoiese</ms:name>
        <ms:peoples>1604</ms:peoples>
        <ms:localcounc>1</ms:localcounc>
        <ms:county>0</ms:county>
        <ms:region>0</ms:region>
      </ms:towns>
    </wfs:member>
    <wfs:member>
      <ms:towns>
        <gml:boundedBy>
        	<gml:Box srsName="urn:ogc:def:crs:EPSG::32632">
        		<gml:coordinates>678374.68000,4898206.12000 678374.68000,4898206.12000</gml:coordinates>
        	</gml:Box>
        </gml:boundedBy>
        <ms:msGeometry>
        <gml:Point srsName="urn:ogc:def:crs:EPSG::32632">
          <gml:coordinates>678374.68000,4898206.12000</gml:coordinates>
        </gml:Point>
        </ms:msGeometry>
        <ms:name>San Benedetto Val di Sambro</ms:name>
        <ms:peoples>4375</ms:peoples>
        <ms:localcounc>1</ms:localcounc>
        <ms:county>0</ms:county>
        <ms:region>0</ms:region>
      </ms:towns>
    </wfs:member>
    <wfs:member>
      <ms:towns>
        <gml:boundedBy>
        	<gml:Box srsName="urn:ogc:def:crs:EPSG::32632">
        		<gml:coordinates>710195.30000,4866937.69000 710195.30000,4866937.69000</gml:coordinates>
        	</gml:Box>
        </gml:boundedBy>
        <ms:msGeometry>
        <gml:Point srsName="urn:ogc:def:crs:EPSG::32632">
          <gml:coordinates>710195.30000,4866937.69000</gml:coordinates>
        </gml:Point>
        </ms:msGeometry>
        <ms:name>San Godenzo</ms:name>
        <ms:peoples>1187</ms:peoples>
        <ms:localcounc>1</ms:localcounc>
        <ms:county>0</ms:county>
        <ms:region>0</ms:region>
      </ms:towns>
    </wfs:member>
    <wfs:member>
      <ms:towns>
        <gml:boundedBy>
        	<gml:Box srsName="urn:ogc:def:crs:EPSG::32632">
        		<gml:coordinates>643529.07000,4879703.82000 643529.07000,4879703.82000</gml:coordinates>
        	</gml:Box>
        </gml:boundedBy>
        <ms:msGeometry>
        <gml:Point srsName="urn:ogc:def:crs:EPSG::32632">
          <gml:coordinates>643529.07000,4879703.82000</gml:coordinates>
        </gml:Point>
        </ms:msGeometry>
        <ms:name>San Marcello Pistoiese</ms:name>
        <ms:peoples>7142</ms:peoples>
        <ms:localcounc>1</ms:localcounc>
        <ms:county>0</ms:county>
        <ms:region>0</ms:region>
      </ms:towns>
    </wfs:member>
    <wfs:member>
      <ms:towns>
        <gml:boundedBy>
        	<gml:Box srsName="urn:ogc:def:crs:EPSG::32632">
        		<gml:coordinates>686481.16000,4870207.09000 686481.16000,4870207.09000</gml:coordinates>
        	</gml:Box>
        </gml:boundedBy>
        <ms:msGeometry>
        <gml:Point srsName="urn:ogc:def:crs:EPSG::32632">
          <gml:coordinates>686481.16000,4870207.09000</gml:coordinates>
        </gml:Point>
        </ms:msGeometry>
        <ms:name>San Piero a Sieve</ms:name>
        <ms:peoples>3758</ms:peoples>
        <ms:localcounc>1</ms:localcounc>
        <ms:county>0</ms:county>
        <ms:region>0</ms:region>
      </ms:towns>
    </wfs:member>
    <wfs:member>
      <ms:towns>
        <gml:boundedBy>
        	<gml:Box srsName="urn:ogc:def:crs:EPSG::32632">
        		<gml:coordinates>688742.95000,4873672.85000 688742.95000,4873672.85000</gml:coordinates>
        	</gml:Box>
        </gml:boundedBy>
        <ms:msGeometry>
        <gml:Point srsName="urn:ogc:def:crs:EPSG::32632">
          <gml:coordinates>688742.95000,4873672.85000</gml:coordinates>
        </gml:Point>
        </ms:msGeometry>
        <ms:name>Scarperia</ms:name>
        <ms:peoples>6778</ms:peoples>
        <ms:localcounc>1</ms:localcounc>
        <ms:county>0</ms:county>
        <ms:region>0</ms:region>
      </ms:towns>
    </wfs:member>
    <wfs:member>
      <ms:towns>
        <gml:boundedBy>
        	<gml:Box srsName="urn:ogc:def:crs:EPSG::32632">
        		<gml:coordinates>641470.51000,4898995.21000 641470.51000,4898995.21000</gml:coordinates>
        	</gml:Box>
        </gml:boundedBy>
        <ms:msGeometry>
        <gml:Point srsName="urn:ogc:def:crs:EPSG::32632">
          <gml:coordinates>641470.51000,4898995.21000</gml:coordinates>
        </gml:Point>
        </ms:msGeometry>
        <ms:name>Sestola</ms:name>
        <ms:peoples>2670</ms:peoples>
        <ms:localcounc>1</ms:localcounc>
        <ms:county>0</ms:county>
        <ms:region>0</ms:region>
      </ms:towns>
    </wfs:member>
    <wfs:member>
      <ms:towns>
        <gml:boundedBy>
        	<gml:Box srsName="urn:ogc:def:crs:EPSG::32632">
        		<gml:coordinates>670374.33000,4868394.46000 670374.33000,4868394.46000</gml:coordinates>
        	</gml:Box>
        </gml:boundedBy>
        <ms:msGeometry>
        <gml:Point srsName="urn:ogc:def:crs:EPSG::32632">
          <gml:coordinates>670374.33000,4868394.46000</gml:coordinates>
        </gml:Point>
        </ms:msGeometry>
        <ms:name>Vaiano</ms:name>
        <ms:peoples>9051</ms:peoples>
        <ms:localcounc>1</ms:localcounc>
        <ms:county>0</ms:county>
        <ms:region>0</ms:region>
      </ms:towns>
    </wfs:member>
    <wfs:member>
      <ms:towns>
        <gml:boundedBy>
        	<gml:Box srsName="urn:ogc:def:crs:EPSG::32632">
        		<gml:coordinates>668148.55000,4905427.52000 668148.55000,4905427.52000</gml:coordinates>
        	</gml:Box>
        </gml:boundedBy>
        <ms:msGeometry>
        <gml:Point srsName="urn:ogc:def:crs:EPSG::32632">
          <gml:coordinates>668148.55000,4905427.52000</gml:coordinates>
        </gml:Point>
        </ms:msGeometry>
        <ms:name>Vergato</ms:name>
        <ms:peoples>6730</ms:peoples>
        <ms:localcounc>1</ms:localcounc>
        <ms:county>0</ms:county>
        <ms:region>0</ms:region>
      </ms:towns>
    </wfs:member>
    <wfs:member>
      <ms:towns>
        <gml:boundedBy>
        	<gml:Box srsName="urn:ogc:def:crs:EPSG::32632">
        		<gml:coordinates>672279.27000,4879402.97000 672279.27000,4879402.97000</gml:coordinates>
        	</gml:Box>
        </gml:boundedBy>
        <ms:msGeometry>
        <gml:Point srsName="urn:ogc:def:crs:EPSG::32632">
          <gml:coordinates>672279.27000,4879402.97000</gml:coordinates>
        </gml:Point>
        </ms:msGeometry>
        <ms:name>Vernio</ms:name>
        <ms:peoples>5535</ms:peoples>
        <ms:localcounc>1</ms:localcounc>
        <ms:county>0</ms:county>
        <ms:region>0</ms:region>
      </ms:towns>
    </wfs:member>
    <wfs:member>
      <ms:towns>
        <gml:boundedBy>
        	<gml:Box srsName="urn:ogc:def:crs:EPSG::32632">
        		<gml:coordinates>697335.81000,4867309.06000 697335.81000,4867309.06000</gml:coordinates>
        	</gml:Box>
        </gml:boundedBy>
        <ms:msGeometry>
        <gml:Point srsName="urn:ogc:def:crs:EPSG::32632">
          <gml:coordinates>697335.81000,4867309.06000</gml:coordinates>
        </gml:Point>
        </ms:msGeometry>
        <ms:name>Vicchio</ms:name>
        <ms:peoples>7145</ms:peoples>
        <ms:localcounc>1</ms:localcounc>
        <ms:county>0</ms:county>
        <ms:region>0</ms:region>
      </ms:towns>
    </wfs:member>
</wfs:FeatureCollection>

