Content-Type: text/xml; charset=UTF-8

<?xml version='1.0' encoding="UTF-8" ?>
<wfs:FeatureCollection
   xmlns:ms="http://mapserver.gis.umn.edu/mapserver"
   xmlns:wfs="http://www.opengis.net/wfs"
   xmlns:gml="http://www.opengis.net/gml"
   xmlns:ogc="http://www.opengis.net/ogc"
   xmlns:xsi="http://www.w3.org/2001/XMLSchema-instance"
   xsi:schemaLocation="http://www.opengis.net/wfs http://ogc.dmsolutions.ca/wfs/1.0.0/WFS-basic.xsd 
                       http://mapserver.gis.umn.edu/mapserver http://localhost/path/to/wfs_simple?SERVICE=WFS&amp;VERSION=1.0.0&amp;REQUEST=DescribeFeatureType&amp;TYPENAME=province&amp;OUTPUTFORMAT=XMLSCHEMA">
      <gml:boundedBy>
      	<gml:Box srsName="EPSG:4326">
      		<gml:coordinates>-60.211728,47.166385 -60.168776,47.192716</gml:coordinates>
      	</gml:Box>
      </gml:boundedBy>
    <gml:featureMember>
      <ms:province>
        <gml:boundedBy>
        	<gml:Box srsName="EPSG:4326">
        		<gml:coordinates>-60.211728,47.166385 -60.168776,47.192716</gml:coordinates>
        	</gml:Box>
        </gml:boundedBy>
        <ms:msGeometry>
        <gml:Polygon srsName="EPSG:4326">
          <gml:outerBoundaryIs>
            <gml:LinearRing>
              <gml:coordinates>-60.204850,47.166385 -60.211728,47.179857 -60.194354,47.192716 -60.173448,47.187638 -60.168776,47.174965 -60.204850,47.166385 </gml:coordinates>
            </gml:LinearRing>
          </gml:outerBoundaryIs>
        </gml:Polygon>
        </ms:msGeometry>
        <ms:gid>2</ms:gid>
        <ms:area>6087727.5</ms:area>
        <ms:perimeter>9632.037</ms:perimeter>
        <ms:province_>978</ms:province_>
        <ms:province_i>978</ms:province_i>
        <ms:status>Province</ms:status>
        <ms:name></ms:name>
        <ms:name_e>Nova Scotia</ms:name_e>
        <ms:name_f>Nouvelle-Ecosse</ms:name_f>
        <ms:reg_code>12</ms:reg_code>
        <ms:poly_featu>0</ms:poly_featu>
        <ms:island></ms:island>
        <ms:island_e></ms:island_e>
        <ms:island_f></ms:island_f>
      </ms:province>
    </gml:featureMember>
</wfs:FeatureCollection>

