Content-Type: text/xml; charset=UTF-8

<?xml version='1.0' encoding="UTF-8" ?>
<wfs:FeatureCollection
   xmlns:ms="http://mapserver.gis.umn.edu/mapserver"
   xmlns:wfs="http://www.opengis.net/wfs"
   xmlns:gml="http://www.opengis.net/gml"
   xmlns:ogc="http://www.opengis.net/ogc"
   xmlns:xsi="http://www.w3.org/2001/XMLSchema-instance"
   xsi:schemaLocation="http://www.opengis.net/wfs http://schemas.opengis.net/wfs/1.0.0/WFS-basic.xsd 
                       http://mapserver.gis.umn.edu/mapserver http://localhost/path/to/wfs_simple?SERVICE=WFS&amp;VERSION=1.0.0&amp;REQUEST=DescribeFeatureType&amp;TYPENAME=road&amp;OUTPUTFORMAT=XMLSCHEMA">
      <gml:boundedBy>
      	<gml:Box srsName="EPSG:3978">
      		<gml:coordinates>2442115.250000,245881.250000 2446614.500000,262496.843750</gml:coordinates>
      	</gml:Box>
      </gml:boundedBy>
    <gml:featureMember>
      <ms:road fid="road.1523">
        <gml:boundedBy>
        	<gml:Box srsName="EPSG:3978">
        		<gml:coordinates>2442115.250000,245881.250000 2446614.500000,262496.843750</gml:coordinates>
        	</gml:Box>
        </gml:boundedBy>
        <ms:msGeometry>
        <gml:LineString srsName="EPSG:3978">
          <gml:coordinates>2442115.250000,262496.843750 2442339.750000,261851.750000 2446590.500000,249634.640625 2446614.500000,245881.250000 </gml:coordinates>
        </gml:LineString>
        </ms:msGeometry>
        <ms:FNODE_>754</ms:FNODE_>
        <ms:TNODE_>785</ms:TNODE_>
        <ms:LPOLY_>0</ms:LPOLY_>
        <ms:RPOLY_>0</ms:RPOLY_>
        <ms:LENGTH>17371.988</ms:LENGTH>
        <ms:ROAD_ID>1523</ms:ROAD_ID>
        <ms:F_CODE>67</ms:F_CODE>
        <ms:NAME_E>Trans-Canada Highway</ms:NAME_E>
        <ms:NAME_F>route Transcanadienne</ms:NAME_F>
      </ms:road>
    </gml:featureMember>
</wfs:FeatureCollection>

