Content-Type: text/xml; charset=UTF-8

<?xml version='1.0' encoding="UTF-8" ?>
<wfs:FeatureCollection
   xmlns:ms="http://mapserver.gis.umn.edu/mapserver"
   xmlns:wfs="http://www.opengis.net/wfs"
   xmlns:gml="http://www.opengis.net/gml"
   xmlns:ogc="http://www.opengis.net/ogc"
   xmlns:xsi="http://www.w3.org/2001/XMLSchema-instance"
   xsi:schemaLocation="http://www.opengis.net/wfs http://ogc.dmsolutions.ca/wfs/1.0.0/WFS-basic.xsd 
                       http://mapserver.gis.umn.edu/mapserver http://localhost/path/to/wfs_simple?SERVICE=WFS&amp;VERSION=1.0.0&amp;REQUEST=DescribeFeatureType&amp;TYPENAME=province&amp;OUTPUTFORMAT=XMLSCHEMA">
      <gml:boundedBy>
      	<gml:Box srsName="EPSG:4326">
      		<gml:coordinates>-61.510511,47.767892 -61.457648,47.796447</gml:coordinates>
      	</gml:Box>
      </gml:boundedBy>
    <gml:featureMember>
      <ms:province>
        <gml:boundedBy>
        	<gml:Box srsName="EPSG:4326">
        		<gml:coordinates>-61.510511,47.767892 -61.457648,47.796447</gml:coordinates>
        	</gml:Box>
        </gml:boundedBy>
        <ms:msGeometry>
        <gml:Polygon srsName="EPSG:4326">
          <gml:outerBoundaryIs>
            <gml:LinearRing>
              <gml:coordinates>-61.510511,47.774240 -61.508947,47.788606 -61.492725,47.796447 -61.457648,47.787438 -61.459987,47.767892 -61.483502,47.769615 -61.510511,47.774240 </gml:coordinates>
            </gml:LinearRing>
          </gml:outerBoundaryIs>
        </gml:Polygon>
        </ms:msGeometry>
        <ms:AREA>9359132.000</ms:AREA>
        <ms:PERIMETER>12010.509</ms:PERIMETER>
        <ms:PROVINCE_>977</ms:PROVINCE_>
        <ms:PROVINCE_I>977</ms:PROVINCE_I>
        <ms:STATUS>Province</ms:STATUS>
        <ms:NAME></ms:NAME>
        <ms:NAME_E>Quebec</ms:NAME_E>
        <ms:NAME_F>Quebec</ms:NAME_F>
        <ms:REG_CODE>24</ms:REG_CODE>
        <ms:POLY_FEATU>0</ms:POLY_FEATU>
        <ms:ISLAND>?les de la Madeleine</ms:ISLAND>
        <ms:ISLAND_E></ms:ISLAND_E>
        <ms:ISLAND_F></ms:ISLAND_F>
      </ms:province>
    </gml:featureMember>
</wfs:FeatureCollection>

