Content-Type: text/xml; charset=UTF-8

<?xml version='1.0' encoding="UTF-8" ?>
<wfs:FeatureCollection
   xmlns:ms="http://mapserver.gis.umn.edu/mapserver"
   xmlns:wfs="http://www.opengis.net/wfs"
   xmlns:gml="http://www.opengis.net/gml"
   xmlns:ogc="http://www.opengis.net/ogc"
   xmlns:xsi="http://www.w3.org/2001/XMLSchema-instance"
   xsi:schemaLocation="http://www.opengis.net/wfs http://ogc.dmsolutions.ca/wfs/1.0.0/WFS-basic.xsd 
                       http://mapserver.gis.umn.edu/mapserver http://localhost/path/to/wfs_simple?SERVICE=WFS&amp;VERSION=1.0.0&amp;REQUEST=DescribeFeatureType&amp;TYPENAME=popplace&amp;OUTPUTFORMAT=XMLSCHEMA">
      <gml:boundedBy>
      	<gml:Box srsName="EPSG:4326">
      		<gml:coordinates>-65.816024,43.740118 -59.972676,46.431271</gml:coordinates>
      	</gml:Box>
      </gml:boundedBy>
    <gml:featureMember>
      <ms:popplace>
        <ms:name>Liverpool</ms:name>
      </ms:popplace>
    </gml:featureMember>
    <gml:featureMember>
      <ms:popplace>
        <ms:name>Middleton</ms:name>
      </ms:popplace>
    </gml:featureMember>
    <gml:featureMember>
      <ms:popplace>
        <ms:name>Digby</ms:name>
      </ms:popplace>
    </gml:featureMember>
    <gml:featureMember>
      <ms:popplace>
        <ms:name>Shelburne</ms:name>
      </ms:popplace>
    </gml:featureMember>
    <gml:featureMember>
      <ms:popplace>
        <ms:name>Summerside</ms:name>
      </ms:popplace>
    </gml:featureMember>
    <gml:featureMember>
      <ms:popplace>
        <ms:name>Glace Bay</ms:name>
      </ms:popplace>
    </gml:featureMember>
    <gml:featureMember>
      <ms:popplace>
        <ms:name>New Glasgow</ms:name>
      </ms:popplace>
    </gml:featureMember>
    <gml:featureMember>
      <ms:popplace>
        <ms:name>Tr&quot;uro</ms:name>
      </ms:popplace>
    </gml:featureMember>
    <gml:featureMember>
      <ms:popplace>
        <ms:name>Amherst</ms:name>
      </ms:popplace>
    </gml:featureMember>
    <gml:featureMember>
      <ms:popplace>
        <ms:name>Kentville</ms:name>
      </ms:popplace>
    </gml:featureMember>
</wfs:FeatureCollection>

