Content-Type: text/xml; charset=UTF-8

<?xml version='1.0' encoding="UTF-8" ?>
<wfs:FeatureCollection
   xmlns:ms="http://mapserver.gis.umn.edu/mapserver"
   xmlns:wfs="http://www.opengis.net/wfs"
   xmlns:gml="http://www.opengis.net/gml"
   xmlns:ogc="http://www.opengis.net/ogc"
   xmlns:xsi="http://www.w3.org/2001/XMLSchema-instance"
   xsi:schemaLocation="http://www.opengis.net/wfs http://schemas.opengis.net/wfs/1.0.0/WFS-basic.xsd 
                       http://mapserver.gis.umn.edu/mapserver http://localhost/path/to/wfs_simple?SERVICE=WFS&amp;VERSION=1.0.0&amp;REQUEST=DescribeFeatureType&amp;TYPENAME=towns&amp;OUTPUTFORMAT=XMLSCHEMA">
      <gml:boundedBy>
      	<gml:Box srsName="EPSG:32632">
      		<gml:coordinates>637137.640000,4866937.690000 710195.300000,4904456.570000</gml:coordinates>
      	</gml:Box>
      </gml:boundedBy>
<!-- WARNING: FeatureId item 'ID' not found in typename 'towns'. -->
    <gml:featureMember>
      <ms:towns>
        <gml:boundedBy>
        	<gml:Box srsName="EPSG:32632">
        		<gml:coordinates>660036.840000,4885407.410000 660036.840000,4885407.410000</gml:coordinates>
        	</gml:Box>
        </gml:boundedBy>
        <ms:msGeometry>
        <gml:Point srsName="EPSG:32632">
          <gml:coordinates>660036.840000,4885407.410000</gml:coordinates>
        </gml:Point>
        </ms:msGeometry>
        <ms:name>Sambuca Pistoiese</ms:name>
        <ms:peoples>1604</ms:peoples>
        <ms:localcounc>1</ms:localcounc>
        <ms:county>0</ms:county>
        <ms:region>0</ms:region>
      </ms:towns>
    </gml:featureMember>
    <gml:featureMember>
      <ms:towns>
        <gml:boundedBy>
        	<gml:Box srsName="EPSG:32632">
        		<gml:coordinates>637137.640000,4900625.560000 637137.640000,4900625.560000</gml:coordinates>
        	</gml:Box>
        </gml:boundedBy>
        <ms:msGeometry>
        <gml:Point srsName="EPSG:32632">
          <gml:coordinates>637137.640000,4900625.560000</gml:coordinates>
        </gml:Point>
        </ms:msGeometry>
        <ms:name>Montecreto</ms:name>
        <ms:peoples>929</ms:peoples>
        <ms:localcounc>1</ms:localcounc>
        <ms:county>0</ms:county>
        <ms:region>0</ms:region>
      </ms:towns>
    </gml:featureMember>
    <gml:featureMember>
      <ms:towns>
        <gml:boundedBy>
        	<gml:Box srsName="EPSG:32632">
        		<gml:coordinates>640503.540000,4884416.920000 640503.540000,4884416.920000</gml:coordinates>
        	</gml:Box>
        </gml:boundedBy>
        <ms:msGeometry>
        <gml:Point srsName="EPSG:32632">
          <gml:coordinates>640503.540000,4884416.920000</gml:coordinates>
        </gml:Point>
        </ms:msGeometry>
        <ms:name>Cutigliano</ms:name>
        <ms:peoples>1699</ms:peoples>
        <ms:localcounc>1</ms:localcounc>
        <ms:county>0</ms:county>
        <ms:region>0</ms:region>
      </ms:towns>
    </gml:featureMember>
    <gml:featureMember>
      <ms:towns>
        <gml:boundedBy>
        	<gml:Box srsName="EPSG:32632">
        		<gml:coordinates>641450.940000,4876458.530000 641450.940000,4876458.530000</gml:coordinates>
        	</gml:Box>
        </gml:boundedBy>
        <ms:msGeometry>
        <gml:Point srsName="EPSG:32632">
          <gml:coordinates>641450.940000,4876458.530000</gml:coordinates>
        </gml:Point>
        </ms:msGeometry>
        <ms:name>Piteglio</ms:name>
        <ms:peoples>1877</ms:peoples>
        <ms:localcounc>1</ms:localcounc>
        <ms:county>0</ms:county>
        <ms:region>0</ms:region>
      </ms:towns>
    </gml:featureMember>
    <gml:featureMember>
      <ms:towns>
        <gml:boundedBy>
        	<gml:Box srsName="EPSG:32632">
        		<gml:coordinates>710195.300000,4866937.690000 710195.300000,4866937.690000</gml:coordinates>
        	</gml:Box>
        </gml:boundedBy>
        <ms:msGeometry>
        <gml:Point srsName="EPSG:32632">
          <gml:coordinates>710195.300000,4866937.690000</gml:coordinates>
        </gml:Point>
        </ms:msGeometry>
        <ms:name>San Godenzo</ms:name>
        <ms:peoples>1187</ms:peoples>
        <ms:localcounc>1</ms:localcounc>
        <ms:county>0</ms:county>
        <ms:region>0</ms:region>
      </ms:towns>
    </gml:featureMember>
    <gml:featureMember>
      <ms:towns>
        <gml:boundedBy>
        	<gml:Box srsName="EPSG:32632">
        		<gml:coordinates>659557.040000,4904456.570000 659557.040000,4904456.570000</gml:coordinates>
        	</gml:Box>
        </gml:boundedBy>
        <ms:msGeometry>
        <gml:Point srsName="EPSG:32632">
          <gml:coordinates>659557.040000,4904456.570000</gml:coordinates>
        </gml:Point>
        </ms:msGeometry>
        <ms:name>Castel d&#39;Aiano</ms:name>
        <ms:peoples>1822</ms:peoples>
        <ms:localcounc>1</ms:localcounc>
        <ms:county>0</ms:county>
        <ms:region>0</ms:region>
      </ms:towns>
    </gml:featureMember>
    <gml:featureMember>
      <ms:towns>
        <gml:boundedBy>
        	<gml:Box srsName="EPSG:32632">
        		<gml:coordinates>700027.210000,4898730.810000 700027.210000,4898730.810000</gml:coordinates>
        	</gml:Box>
        </gml:boundedBy>
        <ms:msGeometry>
        <gml:Point srsName="EPSG:32632">
          <gml:coordinates>700027.210000,4898730.810000</gml:coordinates>
        </gml:Point>
        </ms:msGeometry>
        <ms:name>Castel del Rio</ms:name>
        <ms:peoples>1252</ms:peoples>
        <ms:localcounc>1</ms:localcounc>
        <ms:county>0</ms:county>
        <ms:region>0</ms:region>
      </ms:towns>
    </gml:featureMember>
    <gml:featureMember>
      <ms:towns>
        <gml:boundedBy>
        	<gml:Box srsName="EPSG:32632">
        		<gml:coordinates>703892.440000,4887624.730000 703892.440000,4887624.730000</gml:coordinates>
        	</gml:Box>
        </gml:boundedBy>
        <ms:msGeometry>
        <gml:Point srsName="EPSG:32632">
          <gml:coordinates>703892.440000,4887624.730000</gml:coordinates>
        </gml:Point>
        </ms:msGeometry>
        <ms:name>Palazzuolo sul Senio</ms:name>
        <ms:peoples>1301</ms:peoples>
        <ms:localcounc>1</ms:localcounc>
        <ms:county>0</ms:county>
        <ms:region>0</ms:region>
      </ms:towns>
    </gml:featureMember>
    <gml:featureMember>
      <ms:towns>
        <gml:boundedBy>
        	<gml:Box srsName="EPSG:32632">
        		<gml:coordinates>704327.740000,4903948.540000 704327.740000,4903948.540000</gml:coordinates>
        	</gml:Box>
        </gml:boundedBy>
        <ms:msGeometry>
        <gml:Point srsName="EPSG:32632">
          <gml:coordinates>704327.740000,4903948.540000</gml:coordinates>
        </gml:Point>
        </ms:msGeometry>
        <ms:name>Fontanelice</ms:name>
        <ms:peoples>1797</ms:peoples>
        <ms:localcounc>1</ms:localcounc>
        <ms:county>0</ms:county>
        <ms:region>0</ms:region>
      </ms:towns>
    </gml:featureMember>
</wfs:FeatureCollection>

