Content-Type: text/xml; charset=UTF-8

<?xml version='1.0' encoding="UTF-8" ?>
<wfs:FeatureCollection
   xmlns:ms="http://mapserver.gis.umn.edu/mapserver"
   xmlns:wfs="http://www.opengis.net/wfs"
   xmlns:gml="http://www.opengis.net/gml"
   xmlns:ogc="http://www.opengis.net/ogc"
   xmlns:xsi="http://www.w3.org/2001/XMLSchema-instance"
   xsi:schemaLocation="http://www.opengis.net/wfs http://schemas.opengis.net/wfs/1.0.0/WFS-basic.xsd 
                       http://mapserver.gis.umn.edu/mapserver http://localhost/path/to/wfs_simple?SERVICE=WFS&amp;VERSION=1.0.0&amp;REQUEST=DescribeFeatureType&amp;TYPENAME=towns&amp;OUTPUTFORMAT=XMLSCHEMA">
      <gml:boundedBy>
      	<gml:Box srsName="EPSG:32632">
      		<gml:coordinates>653901.530000,4866278.050000 653901.530000,4866278.050000</gml:coordinates>
      	</gml:Box>
      </gml:boundedBy>
<!-- WARNING: FeatureId item 'ID' not found in typename 'towns'. -->
    <gml:featureMember>
      <ms:towns>
        <gml:boundedBy>
        	<gml:Box srsName="EPSG:32632">
        		<gml:coordinates>653901.530000,4866278.050000 653901.530000,4866278.050000</gml:coordinates>
        	</gml:Box>
        </gml:boundedBy>
        <ms:msGeometry>
        <gml:Point srsName="EPSG:32632">
          <gml:coordinates>653901.530000,4866278.050000</gml:coordinates>
        </gml:Point>
        </ms:msGeometry>
        <ms:name>Pistoia</ms:name>
        <ms:peoples>84274</ms:peoples>
        <ms:localcounc>1</ms:localcounc>
        <ms:county>1</ms:county>
        <ms:region>0</ms:region>
      </ms:towns>
    </gml:featureMember>
</wfs:FeatureCollection>

