Content-Type: text/xml; charset=UTF-8

<?xml version='1.0' encoding="UTF-8" ?>
<wfs:FeatureCollection
   xmlns:ms="http://mapserver.gis.umn.edu/mapserver"
   xmlns:wfs="http://www.opengis.net/wfs"
   xmlns:gml="http://www.opengis.net/gml"
   xmlns:ogc="http://www.opengis.net/ogc"
   xmlns:xsi="http://www.w3.org/2001/XMLSchema-instance"
   xsi:schemaLocation="http://www.opengis.net/wfs http://ogc.dmsolutions.ca/wfs/1.0.0/WFS-basic.xsd 
                       http://mapserver.gis.umn.edu/mapserver http://localhost/path/to/wfs_simple?SERVICE=WFS&amp;VERSION=1.0.0&amp;REQUEST=DescribeFeatureType&amp;TYPENAME=province&amp;OUTPUTFORMAT=XMLSCHEMA">
      <gml:boundedBy>
      	<gml:Box srsName="EPSG:4326">
      		<gml:coordinates>-60.211728,47.166385 -60.168776,47.192716</gml:coordinates>
      	</gml:Box>
      </gml:boundedBy>
    <gml:featureMember>
      <ms:province>
        <gml:boundedBy>
        	<gml:Box srsName="EPSG:4326">
        		<gml:coordinates>-60.211728,47.166385 -60.168776,47.192716</gml:coordinates>
        	</gml:Box>
        </gml:boundedBy>
        <ms:msGeometry>
        <gml:Polygon srsName="EPSG:4326">
          <gml:outerBoundaryIs>
            <gml:LinearRing>
              <gml:coordinates>-60.204850,47.166385 -60.211728,47.179857 -60.194354,47.192716 -60.173448,47.187638 -60.168776,47.174965 -60.204850,47.166385 </gml:coordinates>
            </gml:LinearRing>
          </gml:outerBoundaryIs>
        </gml:Polygon>
        </ms:msGeometry>
        <ms:AREA>6087727.500</ms:AREA>
        <ms:PERIMETER>9632.037</ms:PERIMETER>
        <ms:PROVINCE_>978</ms:PROVINCE_>
        <ms:PROVINCE_I>978</ms:PROVINCE_I>
        <ms:STATUS>Province</ms:STATUS>
        <ms:NAME></ms:NAME>
        <ms:NAME_E>Nova Scotia</ms:NAME_E>
        <ms:NAME_F>Nouvelle-Ecosse</ms:NAME_F>
        <ms:REG_CODE>12</ms:REG_CODE>
        <ms:POLY_FEATU>0</ms:POLY_FEATU>
        <ms:ISLAND></ms:ISLAND>
        <ms:ISLAND_E></ms:ISLAND_E>
        <ms:ISLAND_F></ms:ISLAND_F>
      </ms:province>
    </gml:featureMember>
</wfs:FeatureCollection>

