Content-Disposition: attachment; filename=result.csv
Content-Type: text/csv

WKT,id,intvalue,floatvalue,WKT
"POINT (10 30)",1,2,3.4,POINT(10 30)
"POINT (10 30)",2,,,POINT(10 30)
