Content-Type: text/xml; charset=UTF-8

<?xml version='1.0' encoding="UTF-8" standalone="no" ?>
<ServiceExceptionReport version="1.3.0" xmlns="http://www.opengis.net/ogc" xmlns:xsi="http://www.w3.org/2001/XMLSchema-instance" xsi:schemaLocation="http://www.opengis.net/ogc http://schemas.opengis.net/wms/1.3.0/exceptions_1_3_0.xsd">
<ServiceException>
msOWSParseVersionString(): OWS error. Invalid version (1). Version must be in the format &#39;x.y&#39; or &#39;x.y.z&#39;
</ServiceException>
</ServiceExceptionReport>
