Content-Type: text/plain; charset=UTF-8

GetFeatureInfo results:

  Search returned no results.
