Content-Type: text/xml; charset=UTF-8

<?xml version='1.0' encoding="UTF-8"?>
<!DOCTYPE WMS_DescribeLayerResponse SYSTEM "http://schemas.opengis.net/wms/1.1.1/WMS_DescribeLayerResponse.dtd">
<WMS_DescribeLayerResponse version="1.1.0" >
<LayerDescription name="road"></LayerDescription>
</WMS_DescribeLayerResponse>
