Content-Type: application/vnd.ogc.se_xml; charset=UTF-8

<?xml version='1.0' encoding="UTF-8" standalone="no" ?>
<!DOCTYPE ServiceExceptionReport SYSTEM "http://ogc.dmsolutions.ca/wms/1.1.0/exception_1_1_0.dtd">
<ServiceExceptionReport version="1.1.0">
<ServiceException code="MissingDimensionValue">
msWMSApplyTime: WMS server error. No Time value was given, and no default time value defined.
</ServiceException>
</ServiceExceptionReport>
