Content-Type: application/vnd.ogc.se_xml; charset=UTF-8

<?xml version='1.0' encoding="UTF-8" standalone="no" ?>
<!DOCTYPE ServiceExceptionReport SYSTEM "http://schemas.opengis.net/wms/1.1.1/exception_1_1_1.dtd">
<ServiceExceptionReport version="1.1.1">
<ServiceException code="CurrentUpdateSequence">
msWMSGetCapabilities(): WMS server error. UPDATESEQUENCE parameter (123) is equal to server (123)
</ServiceException>
</ServiceExceptionReport>
